// Jest Snapshot v1, https://goo.gl/fbAQLP

exports[`App renders 1`] = `
<UNDEFINED>
  <button
    onClick={[Function]}
  >
    start fetching with timeout (ms):
  </button>
  <input
    onChange={[Function]}
    type="number"
    value={2500}
  />
  <Waiting
    loading={true}
    render={[Function]}
  />
</UNDEFINED>
`;
